[
  {
    "rlp_col_0": 1,
    "rlp_col_1": "AC/DC"
  },
  {
    "rlp_col_0": 2,
    "rlp_col_1": "Accept"
  }
]